
> my-app@0.1.0 start
> next start -p 3001

▲ Next.js 16.2.9
- Local:         http://localhost:3001
- Network:       http://192.168.0.2:3001
✓ Ready in 201ms
⨯ Error [PrismaClientInitializationError]:
Invalid `prisma.branch.findMany()` invocation:


error: Environment variable not found: DATABASE_URL.
  -->  schema.prisma:7
   |
 6 |   provider = "postgresql"
 7 |   url      = env("DATABASE_URL")
   |

Validation Error Count: 1
    at <unknown> (-->  schema.prisma:7)
    at async g (.next/server/chunks/ssr/[root-of-the-server]__17dpdwd._.js:1:3997) {
  clientVersion: '5.22.0',
  errorCode: undefined,
  digest: '154893445'
}
⨯ Error [PrismaClientInitializationError]:
Invalid `prisma.hero.findFirst()` invocation:


error: Environment variable not found: DATABASE_URL.
  -->  schema.prisma:7
   |
 6 |   provider = "postgresql"
 7 |   url      = env("DATABASE_URL")
   |

Validation Error Count: 1
    at <unknown> (-->  schema.prisma:7)
    at async f (.next/server/chunks/ssr/[root-of-the-server]__1n8x0dd._.js:3:2861) {
  clientVersion: '5.22.0',
  errorCode: undefined,
  digest: '1360745477'
}
